// Jest Snapshot v1, https://goo.gl/fbAQLP

exports[`renders correctly 1`] = `
<div
  className="missionsPage"
>
  <table>
    <thead>
      <tr>
        <th>
          Mission
        </th>
        <th>
          Description
        </th>
        <th>
          Status
        </th>
        <th>
          <div />
        </th>
      </tr>
    </thead>
    <tbody />
  </table>
</div>
`;
